Loading YOLOv8s face model...
ViT Analyzer: ONNX model not found, falling back to EAR/MAR mode with mock probability.
INFO:     Started server process [39671]
INFO:     Waiting for application startup.
INFO:     Application startup complete.
INFO:     Uvicorn running on http://0.0.0.0:8765 (Press CTRL+C to quit)
INFO:     ('127.0.0.1', 64835) - "WebSocket /detection" [accepted]
INFO:     connection open
INFO:     connection closed
INFO:     ('127.0.0.1', 64848) - "WebSocket /detection" [accepted]
INFO:     connection open
INFO:     connection closed
INFO:     ('127.0.0.1', 64857) - "WebSocket /detection" [accepted]
INFO:     connection open
INFO:     connection closed
INFO:     ('127.0.0.1', 64858) - "WebSocket /detection" [accepted]
INFO:     connection open
INFO:     connection closed
Loading YOLOv8s face model...
ViT Analyzer: ONNX model not found, falling back to EAR/MAR mode with mock probability.
Client connected
Error parsing JSON frame: OpenCV(4.9.0) /Users/xperience/GHA-OpenCV-Python2/_work/opencv-python/opencv-python/opencv/modules/imgcodecs/src/loadsave.cpp:801: error: (-215:Assertion failed) !buf.empty() in function 'imdecode_'

Error parsing JSON frame: OpenCV(4.9.0) /Users/xperience/GHA-OpenCV-Python2/_work/opencv-python/opencv-python/opencv/modules/imgcodecs/src/loadsave.cpp:801: error: (-215:Assertion failed) !buf.empty() in function 'imdecode_'

Error parsing JSON frame: OpenCV(4.9.0) /Users/xperience/GHA-OpenCV-Python2/_work/opencv-python/opencv-python/opencv/modules/imgcodecs/src/loadsave.cpp:801: error: (-215:Assertion failed) !buf.empty() in function 'imdecode_'

Error parsing JSON frame: OpenCV(4.9.0) /Users/xperience/GHA-OpenCV-Python2/_work/opencv-python/opencv-python/opencv/modules/imgcodecs/src/loadsave.cpp:801: error: (-215:Assertion failed) !buf.empty() in function 'imdecode_'

Error parsing JSON frame: OpenCV(4.9.0) /Users/xperience/GHA-OpenCV-Python2/_work/opencv-python/opencv-python/opencv/modules/imgcodecs/src/loadsave.cpp:801: error: (-215:Assertion failed) !buf.empty() in function 'imdecode_'

Error parsing JSON frame: OpenCV(4.9.0) /Users/xperience/GHA-OpenCV-Python2/_work/opencv-python/opencv-python/opencv/modules/imgcodecs/src/loadsave.cpp:801: error: (-215:Assertion failed) !buf.empty() in function 'imdecode_'

Error: Cannot call "receive" once a disconnect message has been received.
Client connected
Error: Cannot call "receive" once a disconnect message has been received.
Client connected
Error: Cannot call "receive" once a disconnect message has been received.
Client connected
Error parsing JSON frame: OpenCV(4.9.0) /Users/xperience/GHA-OpenCV-Python2/_work/opencv-python/opencv-python/opencv/modules/imgcodecs/src/loadsave.cpp:801: error: (-215:Assertion failed) !buf.empty() in function 'imdecode_'

Error parsing JSON frame: OpenCV(4.9.0) /Users/xperience/GHA-OpenCV-Python2/_work/opencv-python/opencv-python/opencv/modules/imgcodecs/src/loadsave.cpp:801: error: (-215:Assertion failed) !buf.empty() in function 'imdecode_'

Error parsing JSON frame: OpenCV(4.9.0) /Users/xperience/GHA-OpenCV-Python2/_work/opencv-python/opencv-python/opencv/modules/imgcodecs/src/loadsave.cpp:801: error: (-215:Assertion failed) !buf.empty() in function 'imdecode_'

Error parsing JSON frame: OpenCV(4.9.0) /Users/xperience/GHA-OpenCV-Python2/_work/opencv-python/opencv-python/opencv/modules/imgcodecs/src/loadsave.cpp:801: error: (-215:Assertion failed) !buf.empty() in function 'imdecode_'

Error: Cannot call "receive" once a disconnect message has been received.
INFO:     127.0.0.1:64860 - "GET /health HTTP/1.1" 200 OK
INFO:     ('127.0.0.1', 64928) - "WebSocket /detection" [accepted]
INFO:     connection open
INFO:     connection closed
INFO:     Shutting down
INFO:     Waiting for application shutdown.
INFO:     Application shutdown complete.
INFO:     Finished server process [39671]
